3-125099FalseTrue99TrueFalse99TrueFalse99TrueTrueFalse99FalseTrue99FalseTrueTrue