1.0000002.0000003.0000004.0000005.0000001.0000002.0000003.0000004.0000005.0000001.0000002.0000003.0000004.0000005.0000001.0000002.0000003.0000004.0000005.0000001.0000002.0000003.0000004.0000005.000000