2
40
True
True
True
True
True
True
True
True
True
True
True
